#
# There is insufficient memory for the Java Runtime Environment to continue.
# Native memory allocation (mmap) failed to map 65536 bytes for Failed to commit metaspace.
# Possible reasons:
#   The system is out of physical RAM or swap space
#   The process is running with CompressedOops enabled, and the Java Heap may be blocking the growth of the native heap
# Possible solutions:
#   Reduce memory load on the system
#   Increase physical memory or swap space
#   Check if swap backing store is full
#   Decrease Java heap size (-Xmx/-Xms)
#   Decrease number of Java threads
#   Decrease Java thread stack sizes (-Xss)
#   Set larger code cache with -XX:ReservedCodeCacheSize=
#   JVM is running with Zero Based Compressed Oops mode in which the Java heap is
#     placed in the first 32GB address space. The Java Heap base address is the
#     maximum limit for the native heap growth. Please use -XX:HeapBaseMinAddress
#     to set the Java Heap base and to place the Java Heap above 32GB virtual address.
# This output file may be truncated or incomplete.
#
#  Out of Memory Error (virtualSpaceNode.cpp:110), pid=43068, tid=43584
#
# JRE version: OpenJDK Runtime Environment Temurin-17.0.9+9 (17.0.9+9) (build 17.0.9+9)
# Java VM: OpenJDK 64-Bit Server VM Temurin-17.0.9+9 (17.0.9+9, mixed mode, tiered, compressed oops, compressed class ptrs, g1 gc, windows-amd64)
# No core dump will be written. Minidumps are not enabled by default on client versions of Windows
#

---------------  S U M M A R Y ------------

Command Line: -XX:+ShowCodeDetailsInExceptionMessages -agentlib:jdwp=transport=dt_socket,suspend=y,address=localhost:51155 -javaagent:C:\Users\yoder\eclipse\java-2023-09\eclipse\configuration\org.eclipse.osgi\252\0\.cp\lib\javaagent-shaded.jar -Dfile.encoding=UTF-8 -Dstdout.encoding=UTF-8 -Dstderr.encoding=UTF-8 edu.uiowa.cs.warp.LatencyAnalysis

Host: 12th Gen Intel(R) Core(TM) i7-1250U, 12 cores, 15G,  Windows 11 , 64 bit Build 22621 (10.0.22621.2506)
Time: Thu Nov 16 17:06:17 2023 Central Standard Time elapsed time: 0.547594 seconds (0d 0h 0m 0s)

---------------  T H R E A D  ---------------

Current thread (0x00000269054b71f0):  JavaThread "main" [_thread_in_vm, id=43584, stack(0x000000c37e600000,0x000000c37e700000)]

Stack: [0x000000c37e600000,0x000000c37e700000]
Native frames: (J=compiled Java code, j=interpreted, Vv=VM code, C=native code)
V  [jvm.dll+0x67cf49]
V  [jvm.dll+0x83478a]
V  [jvm.dll+0x83624e]
V  [jvm.dll+0x8368b3]
V  [jvm.dll+0x247f1f]
V  [jvm.dll+0x83044b]
V  [jvm.dll+0x621776]
V  [jvm.dll+0x6217da]
V  [jvm.dll+0x62400a]
V  [jvm.dll+0x622116]
V  [jvm.dll+0x23d880]
V  [jvm.dll+0x1eca2b]
V  [jvm.dll+0x1e23d1]
V  [jvm.dll+0x54305e]
V  [jvm.dll+0x1f2e27]
V  [jvm.dll+0x7adb8b]
V  [jvm.dll+0x7aef5c]
V  [jvm.dll+0x7af2a8]
V  [jvm.dll+0x2401ee]
V  [jvm.dll+0x382e4e]
C  0x00000269100d76ee

The last pc belongs to new (printed below).
Java frames: (J=compiled Java code, j=interpreted, Vv=VM code)
j  jdk.internal.org.objectweb.asm.SymbolTable.<init>(Ljdk/internal/org/objectweb/asm/ClassWriter;)V+30 java.base@17.0.9
j  jdk.internal.org.objectweb.asm.ClassWriter.<init>(Ljdk/internal/org/objectweb/asm/ClassReader;I)V+16 java.base@17.0.9
j  jdk.internal.org.objectweb.asm.ClassWriter.<init>(I)V+3 java.base@17.0.9
j  java.lang.invoke.InnerClassLambdaMetafactory.<init>(Ljava/lang/invoke/MethodHandles$Lookup;Ljava/lang/invoke/MethodType;Ljava/lang/String;Ljava/lang/invoke/MethodType;Ljava/lang/invoke/MethodHandle;Ljava/lang/invoke/MethodType;Z[Ljava/lang/Class;[Ljava/lang/invoke/MethodType;)V+146 java.base@17.0.9
j  java.lang.invoke.LambdaMetafactory.metafactory(Ljava/lang/invoke/MethodHandles$Lookup;Ljava/lang/String;Ljava/lang/invoke/MethodType;Ljava/lang/invoke/MethodType;Ljava/lang/invoke/MethodHandle;Ljava/lang/invoke/MethodType;)Ljava/lang/invoke/CallSite;+55 java.base@17.0.9
j  java.lang.invoke.DirectMethodHandle$Holder.invokeStatic(Ljava/lang/Object;Ljava/lang/Object;Ljava/lang/Object;Ljava/lang/Object;Ljava/lang/Object;Ljava/lang/Object;Ljava/lang/Object;)Ljava/lang/Object;+20 java.base@17.0.9
j  java.lang.invoke.Invokers$Holder.invokeExact_MT(Ljava/lang/Object;Ljava/lang/Object;Ljava/lang/Object;Ljava/lang/Object;Ljava/lang/Object;Ljava/lang/Object;Ljava/lang/Object;Ljava/lang/Object;)Ljava/lang/Object;+28 java.base@17.0.9
j  java.lang.invoke.BootstrapMethodInvoker.invoke(Ljava/lang/Class;Ljava/lang/invoke/MethodHandle;Ljava/lang/String;Ljava/lang/Object;Ljava/lang/Object;Ljava/lang/Class;)Ljava/lang/Object;+319 java.base@17.0.9
j  java.lang.invoke.CallSite.makeSite(Ljava/lang/invoke/MethodHandle;Ljava/lang/String;Ljava/lang/invoke/MethodType;Ljava/lang/Object;Ljava/lang/Class;)Ljava/lang/invoke/CallSite;+8 java.base@17.0.9
j  java.lang.invoke.MethodHandleNatives.linkCallSiteImpl(Ljava/lang/Class;Ljava/lang/invoke/MethodHandle;Ljava/lang/String;Ljava/lang/invoke/MethodType;Ljava/lang/Object;[Ljava/lang/Object;)Ljava/lang/invoke/MemberName;+6 java.base@17.0.9
j  java.lang.invoke.MethodHandleNatives.linkCallSite(Ljava/lang/Object;ILjava/lang/Object;Ljava/lang/Object;Ljava/lang/Object;Ljava/lang/Object;[Ljava/lang/Object;)Ljava/lang/invoke/MemberName;+46 java.base@17.0.9
v  ~StubRoutines::call_stub
j  jdk.internal.module.DefaultRoots.compute(Ljava/lang/module/ModuleFinder;Ljava/lang/module/ModuleFinder;)Ljava/util/Set;+11 java.base@17.0.9
j  jdk.internal.module.ModuleBootstrap.boot2()Ljava/lang/ModuleLayer;+727 java.base@17.0.9
j  jdk.internal.module.ModuleBootstrap.boot()Ljava/lang/ModuleLayer;+64 java.base@17.0.9
j  java.lang.System.initPhase2(ZZ)I+0 java.base@17.0.9
v  ~StubRoutines::call_stub
new  187 new  [0x00000269100d7560, 0x00000269100d7840]  736 bytes
[MachCode]
  0x00000269100d7560: 4883 ec08 | c5fa 1104 | 24eb 1f48 | 83ec 10c5 | fb11 0424 | eb14 4883 | ec10 4889 | 0424 48c7 
  0x00000269100d7580: 4424 0800 | 0000 00eb | 0150 410f | b755 010f | cac1 ea10 | 488b 4de8 | 488b 4908 | 488b 4908 
  0x00000269100d75a0: 488b 4108 | 807c 1004 | 070f 85df | 0000 0066 | 8b54 d148 | 488b 4928 | 488b 4cd1 | 0851 80b9 
  0x00000269100d75c0: 3301 0000 | 040f 85c2 | 0000 008b | 5108 f7c2 | 0100 0000 | 0f85 b300 | 0000 498b | 8708 0100 
  0x00000269100d75e0: 0048 8d1c | 1049 3b9f | 1801 0000 | 0f87 9b00 | 0000 4989 | 9f08 0100 | 00e9 0000 | 0000 4883 
  0x00000269100d7600: ea10 0f84 | 0f00 0000 | 33c9 c1ea | 0348 894c | d008 48ff | ca75 f648 | c700 0100 | 0000 5933 
  0x00000269100d7620: f689 700c | 49ba 0000 | 0000 0800 | 0000 492b | ca89 4808 | 49ba 2f35 | c641 fe7f | 0000 4180 
  0x00000269100d7640: 3a00 0f84 | 4000 0000 | 5048 8bc8 | 4883 ec20 | f7c4 0f00 | 0000 0f84 | 1a00 0000 | 4883 ec08 
  0x00000269100d7660: 49ba e02b | 7c41 fe7f | 0000 41ff | d248 83c4 | 08e9 0d00 | 0000 49ba | e02b 7c41 | fe7f 0000 
  0x00000269100d7680: 41ff d248 | 83c4 2058 | e992 0100 | 0059 488b | 55e8 488b | 5208 488b | 5208 450f | b745 0141 
  0x00000269100d76a0: 0fc8 41c1 | e810 e805 | 0000 00e9 | 6f01 0000 | 488d 4424 | 084c 896d | c049 8bcf | c5f8 7749 
  0x00000269100d76c0: 89af a802 | 0000 4989 | 8798 0200 | 0048 83ec | 20f7 c40f | 0000 000f | 841a 0000 | 0048 83ec 
  0x00000269100d76e0: 0849 ba00 | 2e46 41fe | 7f00 0041 | ffd2 4883 | c408 e90d | 0000 0049 | ba00 2e46 | 41fe 7f00 
  0x00000269100d7700: 0041 ffd2 | 4883 c420 | 49c7 8798 | 0200 0000 | 0000 0049 | c787 a802 | 0000 0000 | 0000 49c7 
  0x00000269100d7720: 87a0 0200 | 0000 0000 | 00c5 f877 | 418b 8f0c | 0400 00f7 | c101 0000 | 000f 8449 | 0000 00f7 
  0x00000269100d7740: c102 0000 | 000f 853d | 0000 0048 | 83ec 20f7 | c40f 0000 | 000f 841a | 0000 0048 | 83ec 0849 
  0x00000269100d7760: ba90 0846 | 41fe 7f00 | 0041 ffd2 | 4883 c408 | e90d 0000 | 0049 ba90 | 0846 41fe | 7f00 0041 
  0x00000269100d7780: ffd2 4883 | c420 ffe0 | 498b 8f90 | 0400 0048 | 85c9 0f84 | 5900 0000 | 8b89 8c00 | 0000 83f9 
  0x00000269100d77a0: 010f 854a | 0000 0049 | 8b8f 9004 | 0000 8b89 | 9000 0000 | 4883 ec20 | f7c4 0f00 | 0000 0f84 
  0x00000269100d77c0: 1a00 0000 | 4883 ec08 | 49ba 8008 | 4641 fe7f | 0000 41ff | d248 83c4 | 08e9 0d00 | 0000 49ba 
  0x00000269100d77e0: 8008 4641 | fe7f 0000 | 41ff d248 | 83c4 20ff | e049 817f | 0800 0000 | 000f 8405 | 0000 00e9 
  0x00000269100d7800: fc96 fdff | 498b 87f0 | 0200 0049 | c787 f002 | 0000 0000 | 0000 4c8b | 6dc0 4c8b | 75c8 c341 
  0x00000269100d7820: 0fb6 5d03 | 4983 c503 | 49ba 909a | c841 fe7f | 0000 41ff | 24da 6690 | 0000 0000 | 0000 0000 
[/MachCode]

---------------  P R O C E S S  ---------------

Threads class SMR info:
_java_thread_list=0x00000269242c2ad0, length=10, elements={
0x00000269054b71f0, 0x00000269242d9020, 0x00000269242d9ea0, 0x00000269242f2690,
0x00000269242f3f70, 0x00000269242f4840, 0x0000026924307ce0, 0x00000269243088e0,
0x000002692432d960, 0x000002692434b270
}

Java Threads: ( => current thread )
=>0x00000269054b71f0 JavaThread "main" [_thread_in_vm, id=43584, stack(0x000000c37e600000,0x000000c37e700000)]
  0x00000269242d9020 JavaThread "Reference Handler" daemon [_thread_blocked, id=43128, stack(0x000000c37ee00000,0x000000c37ef00000)]
  0x00000269242d9ea0 JavaThread "Finalizer" daemon [_thread_blocked, id=43224, stack(0x000000c37ef00000,0x000000c37f000000)]
  0x00000269242f2690 JavaThread "Signal Dispatcher" daemon [_thread_blocked, id=43328, stack(0x000000c37f000000,0x000000c37f100000)]
  0x00000269242f3f70 JavaThread "Attach Listener" daemon [_thread_blocked, id=43336, stack(0x000000c37f100000,0x000000c37f200000)]
  0x00000269242f4840 JavaThread "Service Thread" daemon [_thread_blocked, id=43308, stack(0x000000c37f200000,0x000000c37f300000)]
  0x0000026924307ce0 JavaThread "Monitor Deflation Thread" daemon [_thread_blocked, id=43324, stack(0x000000c37f300000,0x000000c37f400000)]
  0x00000269243088e0 JavaThread "C2 CompilerThread0" daemon [_thread_blocked, id=43332, stack(0x000000c37f400000,0x000000c37f500000)]
  0x000002692432d960 JavaThread "C1 CompilerThread0" daemon [_thread_blocked, id=43172, stack(0x000000c37f500000,0x000000c37f600000)]
  0x000002692434b270 JavaThread "Sweeper thread" daemon [_thread_blocked, id=43320, stack(0x000000c37f600000,0x000000c37f700000)]

Other Threads:
  0x00000269242b2670 VMThread "VM Thread" [stack: 0x000000c37ed00000,0x000000c37ee00000] [id=43056]
  0x0000026905524290 GCTaskThread "GC Thread#0" [stack: 0x000000c37e800000,0x000000c37e900000] [id=43788]
  0x0000026905534bf0 ConcurrentGCThread "G1 Main Marker" [stack: 0x000000c37e900000,0x000000c37ea00000] [id=43792]
  0x0000026905535610 ConcurrentGCThread "G1 Conc#0" [stack: 0x000000c37ea00000,0x000000c37eb00000] [id=43796]
  0x0000026924104190 ConcurrentGCThread "G1 Refine#0" [stack: 0x000000c37eb00000,0x000000c37ec00000] [id=43952]
  0x0000026924104bc0 ConcurrentGCThread "G1 Service" [stack: 0x000000c37ec00000,0x000000c37ed00000] [id=43956]

Threads with active compile tasks:

VM state: not at safepoint (normal execution)

VM Mutex/Monitor currently owned by a thread:  ([mutex/lock_event])
[0x00000269054a2fe0] Metaspace_lock - owner thread: 0x00000269054b71f0

Heap address: 0x0000000705e00000, size: 4002 MB, Compressed Oops mode: Zero based, Oop shift amount: 3

CDS archive(s) not mapped
Compressed class space mapped at: 0x0000000800000000-0x0000000840000000, reserved size: 1073741824
Narrow klass base: 0x0000000800000000, Narrow klass shift: 0, Narrow klass range: 0x40000000

GC Precious Log:
 CPUs: 12 total, 12 available
 Memory: 16004M
 Large Page Support: Disabled
 NUMA Support: Disabled
 Compressed Oops: Enabled (Zero based)
 Heap Region Size: 2M
 Heap Min Capacity: 8M
 Heap Initial Capacity: 252M
 Heap Max Capacity: 4002M
 Pre-touch: Disabled
 Parallel Workers: 10
 Concurrent Workers: 3
 Concurrent Refinement Workers: 10
 Periodic GC: Disabled

Heap:
 garbage-first heap   total 258048K, used 0K [0x0000000705e00000, 0x0000000800000000)
  region size 2048K, 1 young (2048K), 0 survivors (0K)
 Metaspace       used 4082K, committed 4096K, reserved 1114112K
  class space    used 306K, committed 320K, reserved 1048576K

Heap Regions: E=young(eden), S=young(survivor), O=old, HS=humongous(starts), HC=humongous(continues), CS=collection set, F=free, OA=open archive, CA=closed archive, TAMS=top-at-mark-start (previous, next)
|   0|0x0000000705e00000, 0x0000000705e00000, 0x0000000706000000|  0%| F|  |TAMS 0x0000000705e00000, 0x0000000705e00000| Untracked 
|   1|0x0000000706000000, 0x0000000706000000, 0x0000000706200000|  0%| F|  |TAMS 0x0000000706000000, 0x0000000706000000| Untracked 
|   2|0x0000000706200000, 0x0000000706200000, 0x0000000706400000|  0%| F|  |TAMS 0x0000000706200000, 0x0000000706200000| Untracked 
|   3|0x0000000706400000, 0x0000000706400000, 0x0000000706600000|  0%| F|  |TAMS 0x0000000706400000, 0x0000000706400000| Untracked 
|   4|0x0000000706600000, 0x0000000706600000, 0x0000000706800000|  0%| F|  |TAMS 0x0000000706600000, 0x0000000706600000| Untracked 
|   5|0x0000000706800000, 0x0000000706800000, 0x0000000706a00000|  0%| F|  |TAMS 0x0000000706800000, 0x0000000706800000| Untracked 
|   6|0x0000000706a00000, 0x0000000706a00000, 0x0000000706c00000|  0%| F|  |TAMS 0x0000000706a00000, 0x0000000706a00000| Untracked 
|   7|0x0000000706c00000, 0x0000000706c00000, 0x0000000706e00000|  0%| F|  |TAMS 0x0000000706c00000, 0x0000000706c00000| Untracked 
|   8|0x0000000706e00000, 0x0000000706e00000, 0x0000000707000000|  0%| F|  |TAMS 0x0000000706e00000, 0x0000000706e00000| Untracked 
|   9|0x0000000707000000, 0x0000000707000000, 0x0000000707200000|  0%| F|  |TAMS 0x0000000707000000, 0x0000000707000000| Untracked 
|  10|0x0000000707200000, 0x0000000707200000, 0x0000000707400000|  0%| F|  |TAMS 0x0000000707200000, 0x0000000707200000| Untracked 
|  11|0x0000000707400000, 0x0000000707400000, 0x0000000707600000|  0%| F|  |TAMS 0x0000000707400000, 0x0000000707400000| Untracked 
|  12|0x0000000707600000, 0x0000000707600000, 0x0000000707800000|  0%| F|  |TAMS 0x0000000707600000, 0x0000000707600000| Untracked 
|  13|0x0000000707800000, 0x0000000707800000, 0x0000000707a00000|  0%| F|  |TAMS 0x0000000707800000, 0x0000000707800000| Untracked 
|  14|0x0000000707a00000, 0x0000000707a00000, 0x0000000707c00000|  0%| F|  |TAMS 0x0000000707a00000, 0x0000000707a00000| Untracked 
|  15|0x0000000707c00000, 0x0000000707c00000, 0x0000000707e00000|  0%| F|  |TAMS 0x0000000707c00000, 0x0000000707c00000| Untracked 
|  16|0x0000000707e00000, 0x0000000707e00000, 0x0000000708000000|  0%| F|  |TAMS 0x0000000707e00000, 0x0000000707e00000| Untracked 
|  17|0x0000000708000000, 0x0000000708000000, 0x0000000708200000|  0%| F|  |TAMS 0x0000000708000000, 0x0000000708000000| Untracked 
|  18|0x0000000708200000, 0x0000000708200000, 0x0000000708400000|  0%| F|  |TAMS 0x0000000708200000, 0x0000000708200000| Untracked 
|  19|0x0000000708400000, 0x0000000708400000, 0x0000000708600000|  0%| F|  |TAMS 0x0000000708400000, 0x0000000708400000| Untracked 
|  20|0x0000000708600000, 0x0000000708600000, 0x0000000708800000|  0%| F|  |TAMS 0x0000000708600000, 0x0000000708600000| Untracked 
|  21|0x0000000708800000, 0x0000000708800000, 0x0000000708a00000|  0%| F|  |TAMS 0x0000000708800000, 0x0000000708800000| Untracked 
|  22|0x0000000708a00000, 0x0000000708a00000, 0x0000000708c00000|  0%| F|  |TAMS 0x0000000708a00000, 0x0000000708a00000| Untracked 
|  23|0x0000000708c00000, 0x0000000708c00000, 0x0000000708e00000|  0%| F|  |TAMS 0x0000000708c00000, 0x0000000708c00000| Untracked 
|  24|0x0000000708e00000, 0x0000000708e00000, 0x0000000709000000|  0%| F|  |TAMS 0x0000000708e00000, 0x0000000708e00000| Untracked 
|  25|0x0000000709000000, 0x0000000709000000, 0x0000000709200000|  0%| F|  |TAMS 0x0000000709000000, 0x0000000709000000| Untracked 
|  26|0x0000000709200000, 0x0000000709200000, 0x0000000709400000|  0%| F|  |TAMS 0x0000000709200000, 0x0000000709200000| Untracked 
|  27|0x0000000709400000, 0x0000000709400000, 0x0000000709600000|  0%| F|  |TAMS 0x0000000709400000, 0x0000000709400000| Untracked 
|  28|0x0000000709600000, 0x0000000709600000, 0x0000000709800000|  0%| F|  |TAMS 0x0000000709600000, 0x0000000709600000| Untracked 
|  29|0x0000000709800000, 0x0000000709800000, 0x0000000709a00000|  0%| F|  |TAMS 0x0000000709800000, 0x0000000709800000| Untracked 
|  30|0x0000000709a00000, 0x0000000709a00000, 0x0000000709c00000|  0%| F|  |TAMS 0x0000000709a00000, 0x0000000709a00000| Untracked 
|  31|0x0000000709c00000, 0x0000000709c00000, 0x0000000709e00000|  0%| F|  |TAMS 0x0000000709c00000, 0x0000000709c00000| Untracked 
|  32|0x0000000709e00000, 0x0000000709e00000, 0x000000070a000000|  0%| F|  |TAMS 0x0000000709e00000, 0x0000000709e00000| Untracked 
|  33|0x000000070a000000, 0x000000070a000000, 0x000000070a200000|  0%| F|  |TAMS 0x000000070a000000, 0x000000070a000000| Untracked 
|  34|0x000000070a200000, 0x000000070a200000, 0x000000070a400000|  0%| F|  |TAMS 0x000000070a200000, 0x000000070a200000| Untracked 
|  35|0x000000070a400000, 0x000000070a400000, 0x000000070a600000|  0%| F|  |TAMS 0x000000070a400000, 0x000000070a400000| Untracked 
|  36|0x000000070a600000, 0x000000070a600000, 0x000000070a800000|  0%| F|  |TAMS 0x000000070a600000, 0x000000070a600000| Untracked 
|  37|0x000000070a800000, 0x000000070a800000, 0x000000070aa00000|  0%| F|  |TAMS 0x000000070a800000, 0x000000070a800000| Untracked 
|  38|0x000000070aa00000, 0x000000070aa00000, 0x000000070ac00000|  0%| F|  |TAMS 0x000000070aa00000, 0x000000070aa00000| Untracked 
|  39|0x000000070ac00000, 0x000000070ac00000, 0x000000070ae00000|  0%| F|  |TAMS 0x000000070ac00000, 0x000000070ac00000| Untracked 
|  40|0x000000070ae00000, 0x000000070ae00000, 0x000000070b000000|  0%| F|  |TAMS 0x000000070ae00000, 0x000000070ae00000| Untracked 
|  41|0x000000070b000000, 0x000000070b000000, 0x000000070b200000|  0%| F|  |TAMS 0x000000070b000000, 0x000000070b000000| Untracked 
|  42|0x000000070b200000, 0x000000070b200000, 0x000000070b400000|  0%| F|  |TAMS 0x000000070b200000, 0x000000070b200000| Untracked 
|  43|0x000000070b400000, 0x000000070b400000, 0x000000070b600000|  0%| F|  |TAMS 0x000000070b400000, 0x000000070b400000| Untracked 
|  44|0x000000070b600000, 0x000000070b600000, 0x000000070b800000|  0%| F|  |TAMS 0x000000070b600000, 0x000000070b600000| Untracked 
|  45|0x000000070b800000, 0x000000070b800000, 0x000000070ba00000|  0%| F|  |TAMS 0x000000070b800000, 0x000000070b800000| Untracked 
|  46|0x000000070ba00000, 0x000000070ba00000, 0x000000070bc00000|  0%| F|  |TAMS 0x000000070ba00000, 0x000000070ba00000| Untracked 
|  47|0x000000070bc00000, 0x000000070bc00000, 0x000000070be00000|  0%| F|  |TAMS 0x000000070bc00000, 0x000000070bc00000| Untracked 
|  48|0x000000070be00000, 0x000000070be00000, 0x000000070c000000|  0%| F|  |TAMS 0x000000070be00000, 0x000000070be00000| Untracked 
|  49|0x000000070c000000, 0x000000070c000000, 0x000000070c200000|  0%| F|  |TAMS 0x000000070c000000, 0x000000070c000000| Untracked 
|  50|0x000000070c200000, 0x000000070c200000, 0x000000070c400000|  0%| F|  |TAMS 0x000000070c200000, 0x000000070c200000| Untracked 
|  51|0x000000070c400000, 0x000000070c400000, 0x000000070c600000|  0%| F|  |TAMS 0x000000070c400000, 0x000000070c400000| Untracked 
|  52|0x000000070c600000, 0x000000070c600000, 0x000000070c800000|  0%| F|  |TAMS 0x000000070c600000, 0x000000070c600000| Untracked 
|  53|0x000000070c800000, 0x000000070c800000, 0x000000070ca00000|  0%| F|  |TAMS 0x000000070c800000, 0x000000070c800000| Untracked 
|  54|0x000000070ca00000, 0x000000070ca00000, 0x000000070cc00000|  0%| F|  |TAMS 0x000000070ca00000, 0x000000070ca00000| Untracked 
|  55|0x000000070cc00000, 0x000000070cc00000, 0x000000070ce00000|  0%| F|  |TAMS 0x000000070cc00000, 0x000000070cc00000| Untracked 
|  56|0x000000070ce00000, 0x000000070ce00000, 0x000000070d000000|  0%| F|  |TAMS 0x000000070ce00000, 0x000000070ce00000| Untracked 
|  57|0x000000070d000000, 0x000000070d000000, 0x000000070d200000|  0%| F|  |TAMS 0x000000070d000000, 0x000000070d000000| Untracked 
|  58|0x000000070d200000, 0x000000070d200000, 0x000000070d400000|  0%| F|  |TAMS 0x000000070d200000, 0x000000070d200000| Untracked 
|  59|0x000000070d400000, 0x000000070d400000, 0x000000070d600000|  0%| F|  |TAMS 0x000000070d400000, 0x000000070d400000| Untracked 
|  60|0x000000070d600000, 0x000000070d600000, 0x000000070d800000|  0%| F|  |TAMS 0x000000070d600000, 0x000000070d600000| Untracked 
|  61|0x000000070d800000, 0x000000070d800000, 0x000000070da00000|  0%| F|  |TAMS 0x000000070d800000, 0x000000070d800000| Untracked 
|  62|0x000000070da00000, 0x000000070da00000, 0x000000070dc00000|  0%| F|  |TAMS 0x000000070da00000, 0x000000070da00000| Untracked 
|  63|0x000000070dc00000, 0x000000070dc00000, 0x000000070de00000|  0%| F|  |TAMS 0x000000070dc00000, 0x000000070dc00000| Untracked 
|  64|0x000000070de00000, 0x000000070de00000, 0x000000070e000000|  0%| F|  |TAMS 0x000000070de00000, 0x000000070de00000| Untracked 
|  65|0x000000070e000000, 0x000000070e000000, 0x000000070e200000|  0%| F|  |TAMS 0x000000070e000000, 0x000000070e000000| Untracked 
|  66|0x000000070e200000, 0x000000070e200000, 0x000000070e400000|  0%| F|  |TAMS 0x000000070e200000, 0x000000070e200000| Untracked 
|  67|0x000000070e400000, 0x000000070e400000, 0x000000070e600000|  0%| F|  |TAMS 0x000000070e400000, 0x000000070e400000| Untracked 
|  68|0x000000070e600000, 0x000000070e600000, 0x000000070e800000|  0%| F|  |TAMS 0x000000070e600000, 0x000000070e600000| Untracked 
|  69|0x000000070e800000, 0x000000070e800000, 0x000000070ea00000|  0%| F|  |TAMS 0x000000070e800000, 0x000000070e800000| Untracked 
|  70|0x000000070ea00000, 0x000000070ea00000, 0x000000070ec00000|  0%| F|  |TAMS 0x000000070ea00000, 0x000000070ea00000| Untracked 
|  71|0x000000070ec00000, 0x000000070ec00000, 0x000000070ee00000|  0%| F|  |TAMS 0x000000070ec00000, 0x000000070ec00000| Untracked 
|  72|0x000000070ee00000, 0x000000070ee00000, 0x000000070f000000|  0%| F|  |TAMS 0x000000070ee00000, 0x000000070ee00000| Untracked 
|  73|0x000000070f000000, 0x000000070f000000, 0x000000070f200000|  0%| F|  |TAMS 0x000000070f000000, 0x000000070f000000| Untracked 
|  74|0x000000070f200000, 0x000000070f200000, 0x000000070f400000|  0%| F|  |TAMS 0x000000070f200000, 0x000000070f200000| Untracked 
|  75|0x000000070f400000, 0x000000070f400000, 0x000000070f600000|  0%| F|  |TAMS 0x000000070f400000, 0x000000070f400000| Untracked 
|  76|0x000000070f600000, 0x000000070f600000, 0x000000070f800000|  0%| F|  |TAMS 0x000000070f600000, 0x000000070f600000| Untracked 
|  77|0x000000070f800000, 0x000000070f800000, 0x000000070fa00000|  0%| F|  |TAMS 0x000000070f800000, 0x000000070f800000| Untracked 
|  78|0x000000070fa00000, 0x000000070fa00000, 0x000000070fc00000|  0%| F|  |TAMS 0x000000070fa00000, 0x000000070fa00000| Untracked 
|  79|0x000000070fc00000, 0x000000070fc00000, 0x000000070fe00000|  0%| F|  |TAMS 0x000000070fc00000, 0x000000070fc00000| Untracked 
|  80|0x000000070fe00000, 0x000000070fe00000, 0x0000000710000000|  0%| F|  |TAMS 0x000000070fe00000, 0x000000070fe00000| Untracked 
|  81|0x0000000710000000, 0x0000000710000000, 0x0000000710200000|  0%| F|  |TAMS 0x0000000710000000, 0x0000000710000000| Untracked 
|  82|0x0000000710200000, 0x0000000710200000, 0x0000000710400000|  0%| F|  |TAMS 0x0000000710200000, 0x0000000710200000| Untracked 
|  83|0x0000000710400000, 0x0000000710400000, 0x0000000710600000|  0%| F|  |TAMS 0x0000000710400000, 0x0000000710400000| Untracked 
|  84|0x0000000710600000, 0x0000000710600000, 0x0000000710800000|  0%| F|  |TAMS 0x0000000710600000, 0x0000000710600000| Untracked 
|  85|0x0000000710800000, 0x0000000710800000, 0x0000000710a00000|  0%| F|  |TAMS 0x0000000710800000, 0x0000000710800000| Untracked 
|  86|0x0000000710a00000, 0x0000000710a00000, 0x0000000710c00000|  0%| F|  |TAMS 0x0000000710a00000, 0x0000000710a00000| Untracked 
|  87|0x0000000710c00000, 0x0000000710c00000, 0x0000000710e00000|  0%| F|  |TAMS 0x0000000710c00000, 0x0000000710c00000| Untracked 
|  88|0x0000000710e00000, 0x0000000710e00000, 0x0000000711000000|  0%| F|  |TAMS 0x0000000710e00000, 0x0000000710e00000| Untracked 
|  89|0x0000000711000000, 0x0000000711000000, 0x0000000711200000|  0%| F|  |TAMS 0x0000000711000000, 0x0000000711000000| Untracked 
|  90|0x0000000711200000, 0x0000000711200000, 0x0000000711400000|  0%| F|  |TAMS 0x0000000711200000, 0x0000000711200000| Untracked 
|  91|0x0000000711400000, 0x0000000711400000, 0x0000000711600000|  0%| F|  |TAMS 0x0000000711400000, 0x0000000711400000| Untracked 
|  92|0x0000000711600000, 0x0000000711600000, 0x0000000711800000|  0%| F|  |TAMS 0x0000000711600000, 0x0000000711600000| Untracked 
|  93|0x0000000711800000, 0x0000000711800000, 0x0000000711a00000|  0%| F|  |TAMS 0x0000000711800000, 0x0000000711800000| Untracked 
|  94|0x0000000711a00000, 0x0000000711a00000, 0x0000000711c00000|  0%| F|  |TAMS 0x0000000711a00000, 0x0000000711a00000| Untracked 
|  95|0x0000000711c00000, 0x0000000711c00000, 0x0000000711e00000|  0%| F|  |TAMS 0x0000000711c00000, 0x0000000711c00000| Untracked 
|  96|0x0000000711e00000, 0x0000000711e00000, 0x0000000712000000|  0%| F|  |TAMS 0x0000000711e00000, 0x0000000711e00000| Untracked 
|  97|0x0000000712000000, 0x0000000712000000, 0x0000000712200000|  0%| F|  |TAMS 0x0000000712000000, 0x0000000712000000| Untracked 
|  98|0x0000000712200000, 0x0000000712200000, 0x0000000712400000|  0%| F|  |TAMS 0x0000000712200000, 0x0000000712200000| Untracked 
|  99|0x0000000712400000, 0x0000000712400000, 0x0000000712600000|  0%| F|  |TAMS 0x0000000712400000, 0x0000000712400000| Untracked 
| 100|0x0000000712600000, 0x0000000712600000, 0x0000000712800000|  0%| F|  |TAMS 0x0000000712600000, 0x0000000712600000| Untracked 
| 101|0x0000000712800000, 0x0000000712800000, 0x0000000712a00000|  0%| F|  |TAMS 0x0000000712800000, 0x0000000712800000| Untracked 
| 102|0x0000000712a00000, 0x0000000712a00000, 0x0000000712c00000|  0%| F|  |TAMS 0x0000000712a00000, 0x0000000712a00000| Untracked 
| 103|0x0000000712c00000, 0x0000000712c00000, 0x0000000712e00000|  0%| F|  |TAMS 0x0000000712c00000, 0x0000000712c00000| Untracked 
| 104|0x0000000712e00000, 0x0000000712e00000, 0x0000000713000000|  0%| F|  |TAMS 0x0000000712e00000, 0x0000000712e00000| Untracked 
| 105|0x0000000713000000, 0x0000000713000000, 0x0000000713200000|  0%| F|  |TAMS 0x0000000713000000, 0x0000000713000000| Untracked 
| 106|0x0000000713200000, 0x0000000713200000, 0x0000000713400000|  0%| F|  |TAMS 0x0000000713200000, 0x0000000713200000| Untracked 
| 107|0x0000000713400000, 0x0000000713400000, 0x0000000713600000|  0%| F|  |TAMS 0x0000000713400000, 0x0000000713400000| Untracked 
| 108|0x0000000713600000, 0x0000000713600000, 0x0000000713800000|  0%| F|  |TAMS 0x0000000713600000, 0x0000000713600000| Untracked 
| 109|0x0000000713800000, 0x0000000713800000, 0x0000000713a00000|  0%| F|  |TAMS 0x0000000713800000, 0x0000000713800000| Untracked 
| 110|0x0000000713a00000, 0x0000000713a00000, 0x0000000713c00000|  0%| F|  |TAMS 0x0000000713a00000, 0x0000000713a00000| Untracked 
| 111|0x0000000713c00000, 0x0000000713c00000, 0x0000000713e00000|  0%| F|  |TAMS 0x0000000713c00000, 0x0000000713c00000| Untracked 
| 112|0x0000000713e00000, 0x0000000713e00000, 0x0000000714000000|  0%| F|  |TAMS 0x0000000713e00000, 0x0000000713e00000| Untracked 
| 113|0x0000000714000000, 0x0000000714000000, 0x0000000714200000|  0%| F|  |TAMS 0x0000000714000000, 0x0000000714000000| Untracked 
| 114|0x0000000714200000, 0x0000000714200000, 0x0000000714400000|  0%| F|  |TAMS 0x0000000714200000, 0x0000000714200000| Untracked 
| 115|0x0000000714400000, 0x0000000714400000, 0x0000000714600000|  0%| F|  |TAMS 0x0000000714400000, 0x0000000714400000| Untracked 
| 116|0x0000000714600000, 0x0000000714600000, 0x0000000714800000|  0%| F|  |TAMS 0x0000000714600000, 0x0000000714600000| Untracked 
| 117|0x0000000714800000, 0x0000000714800000, 0x0000000714a00000|  0%| F|  |TAMS 0x0000000714800000, 0x0000000714800000| Untracked 
| 118|0x0000000714a00000, 0x0000000714a00000, 0x0000000714c00000|  0%| F|  |TAMS 0x0000000714a00000, 0x0000000714a00000| Untracked 
| 119|0x0000000714c00000, 0x0000000714c00000, 0x0000000714e00000|  0%| F|  |TAMS 0x0000000714c00000, 0x0000000714c00000| Untracked 
| 120|0x0000000714e00000, 0x0000000714e00000, 0x0000000715000000|  0%| F|  |TAMS 0x0000000714e00000, 0x0000000714e00000| Untracked 
| 121|0x0000000715000000, 0x0000000715000000, 0x0000000715200000|  0%| F|  |TAMS 0x0000000715000000, 0x0000000715000000| Untracked 
| 122|0x0000000715200000, 0x0000000715200000, 0x0000000715400000|  0%| F|  |TAMS 0x0000000715200000, 0x0000000715200000| Untracked 
| 123|0x0000000715400000, 0x0000000715400000, 0x0000000715600000|  0%| F|  |TAMS 0x0000000715400000, 0x0000000715400000| Untracked 
| 124|0x0000000715600000, 0x0000000715600000, 0x0000000715800000|  0%| F|  |TAMS 0x0000000715600000, 0x0000000715600000| Untracked 
| 125|0x0000000715800000, 0x00000007159c2e98, 0x0000000715a00000| 88%| E|  |TAMS 0x0000000715800000, 0x0000000715800000| Complete 

Card table byte_map: [0x00000269188d0000,0x00000269190b0000] _byte_map_base: 0x00000269150a1000

Marking Bits (Prev, Next): (CMBitMap*) 0x00000269055248b0, (CMBitMap*) 0x00000269055248f0
 Prev Bits: [0x0000026919890000, 0x000002691d718000)
 Next Bits: [0x000002691d720000, 0x00000269215a8000)

Polling page: 0x0000026903480000

Metaspace:

Usage:
  Non-class:      3.69 MB used.
      Class:    306.61 KB used.
       Both:      3.99 MB used.

Virtual space:
  Non-class space:       64.00 MB reserved,       3.69 MB (  6%) committed,  1 nodes.
      Class space:        1.00 GB reserved,     320.00 KB ( <1%) committed,  1 nodes.
             Both:        1.06 GB reserved,       4.00 MB ( <1%) committed. 

Chunk freelists:
   Non-Class:  12.00 MB
       Class:  15.62 MB
        Both:  27.62 MB

MaxMetaspaceSize: unlimited
CompressedClassSpaceSize: 1.00 GB
Initial GC threshold: 21.00 MB
Current GC threshold: 21.00 MB
CDS: off
MetaspaceReclaimPolicy: balanced
 - commit_granule_bytes: 65536.
 - commit_granule_words: 8192.
 - virtual_space_node_default_size: 8388608.
 - enlarge_chunks_in_place: 1.
 - new_chunks_are_fully_committed: 0.
 - uncommit_free_chunks: 1.
 - use_allocation_guard: 0.
 - handle_deallocations: 1.


Internal statistics:

num_allocs_failed_limit: 0.
num_arena_births: 2.
num_arena_deaths: 0.
num_vsnodes_births: 2.
num_vsnodes_deaths: 0.
num_space_committed: 64.
num_space_uncommitted: 0.
num_chunks_returned_to_freelist: 0.
num_chunks_taken_from_freelist: 4.
num_chunk_merges: 0.
num_chunk_splits: 2.
num_chunks_enlarged: 0.
num_inconsistent_stats: 0.

CodeHeap 'non-profiled nmethods': size=120000Kb used=10Kb max_used=10Kb free=119990Kb
 bounds [0x0000026910650000, 0x00000269108c0000, 0x0000026917b80000]
CodeHeap 'profiled nmethods': size=120000Kb used=52Kb max_used=52Kb free=119947Kb
 bounds [0x0000026908b80000, 0x0000026908df0000, 0x00000269100b0000]
CodeHeap 'non-nmethods': size=5760Kb used=1124Kb max_used=1124Kb free=4635Kb
 bounds [0x00000269100b0000, 0x0000026910320000, 0x0000026910650000]
 total_blobs=358 nmethods=42 adapters=229
 compilation: enabled
              stopped_count=0, restarted_count=0
 full_count=0

Compilation events (20 events):
Event: 0.516 Thread 0x000002692432d960   26       3       java.lang.String::isEmpty (14 bytes)
Event: 0.516 Thread 0x000002692432d960 nmethod 26 0x0000026908b87c90 code [0x0000026908b87e20, 0x0000026908b87f98]
Event: 0.518 Thread 0x000002692432d960   27       3       java.lang.StringLatin1::indexOfChar (33 bytes)
Event: 0.518 Thread 0x000002692432d960 nmethod 27 0x0000026908b88090 code [0x0000026908b88240, 0x0000026908b88478]
Event: 0.521 Thread 0x00000269243088e0   29       4       java.lang.Object::<init> (1 bytes)
Event: 0.521 Thread 0x000002692432d960   30       3       java.util.concurrent.ConcurrentHashMap::tabAt (22 bytes)
Event: 0.522 Thread 0x000002692432d960 nmethod 30 0x0000026908b88590 code [0x0000026908b88740, 0x0000026908b88a38]
Event: 0.522 Thread 0x000002692432d960   31       3       jdk.internal.misc.Unsafe::getReferenceAcquire (7 bytes)
Event: 0.522 Thread 0x00000269243088e0 nmethod 29 0x0000026910650e10 code [0x0000026910650f80, 0x0000026910650ff8]
Event: 0.522 Thread 0x000002692432d960 nmethod 31 0x0000026908b88b10 code [0x0000026908b88ca0, 0x0000026908b88e18]
Event: 0.522 Thread 0x000002692432d960   32       3       java.util.concurrent.ConcurrentHashMap::spread (10 bytes)
Event: 0.522 Thread 0x000002692432d960 nmethod 32 0x0000026908b88e90 code [0x0000026908b89020, 0x0000026908b89118]
Event: 0.534 Thread 0x000002692432d960   34       1       java.lang.Enum::ordinal (5 bytes)
Event: 0.535 Thread 0x000002692432d960 nmethod 34 0x0000026910651410 code [0x00000269106515a0, 0x0000026910651678]
Event: 0.537 Thread 0x000002692432d960   38       3       java.util.concurrent.ConcurrentHashMap::addCount (280 bytes)
Event: 0.538 Thread 0x000002692432d960 nmethod 38 0x0000026908b89190 code [0x0000026908b893e0, 0x0000026908b89e88]
Event: 0.538 Thread 0x000002692432d960   41   !   3       java.util.concurrent.ConcurrentHashMap::putVal (432 bytes)
Event: 0.540 Thread 0x000002692432d960 nmethod 41 0x0000026908b8a290 code [0x0000026908b8a620, 0x0000026908b8c308]
Event: 0.540 Thread 0x000002692432d960   42       3       java.util.concurrent.ConcurrentHashMap$Node::<init> (20 bytes)
Event: 0.541 Thread 0x000002692432d960 nmethod 42 0x0000026908b8ce10 code [0x0000026908b8cfc0, 0x0000026908b8d1f8]

GC Heap History (0 events):
No events

Dll operation events (1 events):
Event: 0.337 Loaded shared library C:\Users\yoder\.p2\pool\plugins\org.eclipse.justj.openjdk.hotspot.jre.full.win32.x86_64_17.0.9.v20231028-0858\jre\bin\java.dll

Deoptimization events (0 events):
No events

Classes unloaded (0 events):
No events

Classes redefined (0 events):
No events

Internal exceptions (0 events):
No events

VM Operations (0 events):
No events

Events (20 events):
Event: 0.539 loading class jdk/internal/org/objectweb/asm/Handle done
Event: 0.539 loading class sun/invoke/util/BytecodeDescriptor
Event: 0.539 loading class sun/invoke/util/BytecodeDescriptor done
Event: 0.540 loading class jdk/internal/org/objectweb/asm/ConstantDynamic
Event: 0.540 loading class jdk/internal/org/objectweb/asm/ConstantDynamic done
Event: 0.540 loading class java/lang/invoke/InfoFromMemberName
Event: 0.540 loading class java/lang/invoke/MethodHandleInfo
Event: 0.540 loading class java/lang/invoke/MethodHandleInfo done
Event: 0.540 loading class java/lang/invoke/InfoFromMemberName done
Event: 0.540 loading class jdk/internal/org/objectweb/asm/ClassWriter
Event: 0.541 loading class jdk/internal/org/objectweb/asm/ClassVisitor
Event: 0.541 loading class jdk/internal/org/objectweb/asm/ClassVisitor done
Event: 0.541 loading class jdk/internal/org/objectweb/asm/ClassWriter done
Event: 0.541 loading class jdk/internal/org/objectweb/asm/SymbolTable
Event: 0.542 loading class jdk/internal/org/objectweb/asm/SymbolTable done
Event: 0.542 loading class jdk/internal/org/objectweb/asm/SymbolTable$Entry
Event: 0.542 loading class jdk/internal/org/objectweb/asm/Symbol
Event: 0.542 loading class jdk/internal/org/objectweb/asm/Symbol done
Event: 0.542 loading class jdk/internal/org/objectweb/asm/SymbolTable$Entry done
Event: 0.542 loading class jdk/internal/org/objectweb/asm/ByteVector


Dynamic libraries:
0x00007ff67f750000 - 0x00007ff67f75e000 	C:\Users\yoder\.p2\pool\plugins\org.eclipse.justj.openjdk.hotspot.jre.full.win32.x86_64_17.0.9.v20231028-0858\jre\bin\javaw.exe
0x00007ffebe970000 - 0x00007ffebeb87000 	C:\Windows\SYSTEM32\ntdll.dll
0x00007ffebdbc0000 - 0x00007ffebdc84000 	C:\Windows\System32\KERNEL32.DLL
0x00007ffebbe00000 - 0x00007ffebc1a5000 	C:\Windows\System32\KERNELBASE.dll
0x00007ffebc270000 - 0x00007ffebc381000 	C:\Windows\System32\ucrtbase.dll
0x00007ffeb23d0000 - 0x00007ffeb23e7000 	C:\Users\yoder\.p2\pool\plugins\org.eclipse.justj.openjdk.hotspot.jre.full.win32.x86_64_17.0.9.v20231028-0858\jre\bin\jli.dll
0x00007ffebd820000 - 0x00007ffebd9ce000 	C:\Windows\System32\USER32.dll
0x00007ffebc390000 - 0x00007ffebc3b6000 	C:\Windows\System32\win32u.dll
0x00007ffebcb10000 - 0x00007ffebcb39000 	C:\Windows\System32\GDI32.dll
0x00007ffebbce0000 - 0x00007ffebbdf9000 	C:\Windows\System32\gdi32full.dll
0x00007ffebc620000 - 0x00007ffebc6ba000 	C:\Windows\System32\msvcp_win.dll
0x00007ffeab950000 - 0x00007ffeab96b000 	C:\Users\yoder\.p2\pool\plugins\org.eclipse.justj.openjdk.hotspot.jre.full.win32.x86_64_17.0.9.v20231028-0858\jre\bin\VCRUNTIME140.dll
0x00007ffea2f10000 - 0x00007ffea31a3000 	C:\Windows\WinSxS\amd64_microsoft.windows.common-controls_6595b64144ccf1df_6.0.22621.2506_none_270c5ae97388e100\COMCTL32.dll
0x00007ffebcc40000 - 0x00007ffebcce7000 	C:\Windows\System32\msvcrt.dll
0x00007ffebc6d0000 - 0x00007ffebc701000 	C:\Windows\System32\IMM32.DLL
0x00007ffeb23c0000 - 0x00007ffeb23cc000 	C:\Users\yoder\.p2\pool\plugins\org.eclipse.justj.openjdk.hotspot.jre.full.win32.x86_64_17.0.9.v20231028-0858\jre\bin\vcruntime140_1.dll
0x00007ffeab8c0000 - 0x00007ffeab94d000 	C:\Users\yoder\.p2\pool\plugins\org.eclipse.justj.openjdk.hotspot.jre.full.win32.x86_64_17.0.9.v20231028-0858\jre\bin\msvcp140.dll
0x00007ffe410e0000 - 0x00007ffe41d41000 	C:\Users\yoder\.p2\pool\plugins\org.eclipse.justj.openjdk.hotspot.jre.full.win32.x86_64_17.0.9.v20231028-0858\jre\bin\server\jvm.dll
0x00007ffebe870000 - 0x00007ffebe921000 	C:\Windows\System32\ADVAPI32.dll
0x00007ffebd690000 - 0x00007ffebd736000 	C:\Windows\System32\sechost.dll
0x00007ffebd180000 - 0x00007ffebd297000 	C:\Windows\System32\RPCRT4.dll
0x00007ffebbbb0000 - 0x00007ffebbbfd000 	C:\Windows\SYSTEM32\POWRPROF.dll
0x00007ffeb17d0000 - 0x00007ffeb17d9000 	C:\Windows\SYSTEM32\WSOCK32.dll
0x00007ffebda60000 - 0x00007ffebdad1000 	C:\Windows\System32\WS2_32.dll
0x00007ffeb8990000 - 0x00007ffeb89c4000 	C:\Windows\SYSTEM32\WINMM.dll
0x00007ffeb11a0000 - 0x00007ffeb11aa000 	C:\Windows\SYSTEM32\VERSION.dll
0x00007ffebbb90000 - 0x00007ffebbba3000 	C:\Windows\SYSTEM32\UMPDC.dll
0x00007ffebac80000 - 0x00007ffebac98000 	C:\Windows\SYSTEM32\kernel.appcore.dll
0x00007ffeb8640000 - 0x00007ffeb864a000 	C:\Users\yoder\.p2\pool\plugins\org.eclipse.justj.openjdk.hotspot.jre.full.win32.x86_64_17.0.9.v20231028-0858\jre\bin\jimage.dll
0x00007ffeb94e0000 - 0x00007ffeb9713000 	C:\Windows\SYSTEM32\DBGHELP.DLL
0x00007ffebc780000 - 0x00007ffebcb09000 	C:\Windows\System32\combase.dll
0x00007ffebd740000 - 0x00007ffebd817000 	C:\Windows\System32\OLEAUT32.dll
0x00007ffeb8950000 - 0x00007ffeb8982000 	C:\Windows\SYSTEM32\dbgcore.DLL
0x00007ffebc3c0000 - 0x00007ffebc43a000 	C:\Windows\System32\bcryptPrimitives.dll
0x00007ffeab880000 - 0x00007ffeab8bb000 	C:\Users\yoder\.p2\pool\plugins\org.eclipse.justj.openjdk.hotspot.jre.full.win32.x86_64_17.0.9.v20231028-0858\jre\bin\jdwp.dll
0x00007ffeabbf0000 - 0x00007ffeabbfe000 	C:\Users\yoder\.p2\pool\plugins\org.eclipse.justj.openjdk.hotspot.jre.full.win32.x86_64_17.0.9.v20231028-0858\jre\bin\instrument.dll
0x00007ffeaad70000 - 0x00007ffeaad95000 	C:\Users\yoder\.p2\pool\plugins\org.eclipse.justj.openjdk.hotspot.jre.full.win32.x86_64_17.0.9.v20231028-0858\jre\bin\java.dll
0x00007ffeb8050000 - 0x00007ffeb8068000 	C:\Users\yoder\.p2\pool\plugins\org.eclipse.justj.openjdk.hotspot.jre.full.win32.x86_64_17.0.9.v20231028-0858\jre\bin\zip.dll
0x00007ffebdc90000 - 0x00007ffebe4e9000 	C:\Windows\System32\SHELL32.dll
0x00007ffeb9bb0000 - 0x00007ffeba4a4000 	C:\Windows\SYSTEM32\windows.storage.dll
0x00007ffeb9a70000 - 0x00007ffeb9bae000 	C:\Windows\SYSTEM32\wintypes.dll
0x00007ffebcb40000 - 0x00007ffebcc33000 	C:\Windows\System32\SHCORE.dll
0x00007ffebe810000 - 0x00007ffebe86e000 	C:\Windows\System32\shlwapi.dll
0x00007ffebbc10000 - 0x00007ffebbc36000 	C:\Windows\SYSTEM32\profapi.dll

dbghelp: loaded successfully - version: 4.0.5 - missing functions: none
symbol engine: initialized successfully - sym options: 0x614 - pdb path: .;C:\Users\yoder\.p2\pool\plugins\org.eclipse.justj.openjdk.hotspot.jre.full.win32.x86_64_17.0.9.v20231028-0858\jre\bin;C:\Windows\SYSTEM32;C:\Windows\WinSxS\amd64_microsoft.windows.common-controls_6595b64144ccf1df_6.0.22621.2506_none_270c5ae97388e100;C:\Users\yoder\.p2\pool\plugins\org.eclipse.justj.openjdk.hotspot.jre.full.win32.x86_64_17.0.9.v20231028-0858\jre\bin\server

VM Arguments:
jvm_args: -XX:+ShowCodeDetailsInExceptionMessages -agentlib:jdwp=transport=dt_socket,suspend=y,address=localhost:51155 -javaagent:C:\Users\yoder\eclipse\java-2023-09\eclipse\configuration\org.eclipse.osgi\252\0\.cp\lib\javaagent-shaded.jar -Dfile.encoding=UTF-8 -Dstdout.encoding=UTF-8 -Dstderr.encoding=UTF-8 
java_command: edu.uiowa.cs.warp.LatencyAnalysis
java_class_path (initial): C:\Users\yoder\Git\cs2820\bin;C:\Users\yoder\Git\cs2820\CS2820.jar;C:\Users\yoder\.p2\pool\plugins\junit-jupiter-api_5.10.0.jar;C:\Users\yoder\.p2\pool\plugins\junit-jupiter-engine_5.10.0.jar;C:\Users\yoder\.p2\pool\plugins\junit-jupiter-migrationsupport_5.10.0.jar;C:\Users\yoder\.p2\pool\plugins\junit-jupiter-params_5.10.0.jar;C:\Users\yoder\.p2\pool\plugins\junit-platform-commons_1.10.0.jar;C:\Users\yoder\.p2\pool\plugins\junit-platform-engine_1.10.0.jar;C:\Users\yoder\.p2\pool\plugins\junit-platform-launcher_1.10.0.jar;C:\Users\yoder\.p2\pool\plugins\junit-platform-runner_1.10.0.jar;C:\Users\yoder\.p2\pool\plugins\junit-platform-suite-api_1.10.0.jar;C:\Users\yoder\.p2\pool\plugins\junit-platform-suite-engine_1.10.0.jar;C:\Users\yoder\.p2\pool\plugins\junit-platform-suite-commons_1.10.0.jar;C:\Users\yoder\.p2\pool\plugins\junit-vintage-engine_5.10.0.jar;C:\Users\yoder\.p2\pool\plugins\org.opentest4j_1.3.0.jar;C:\Users\yoder\.p2\pool\plugins\org.apiguardian.api_1.1.2.jar;C:\Users\yoder\.p2\pool\plugins\org.junit_4.13.2.v20230809-1000.jar;C:\Users\yoder\.p2\pool\plugins\org.hamcrest_2.2.0.jar;C:\Users\yoder\.p2\pool\plugins\org.hamcrest.core_2.2.0.v20230809-1000.jar
Launcher Type: SUN_STANDARD

[Global flags]
     intx CICompilerCount                          = 4                                         {product} {ergonomic}
     uint ConcGCThreads                            = 3                                         {product} {ergonomic}
     uint G1ConcRefinementThreads                  = 10                                        {product} {ergonomic}
   size_t G1HeapRegionSize                         = 2097152                                   {product} {ergonomic}
    uintx GCDrainStackTargetSize                   = 64                                        {product} {ergonomic}
   size_t InitialHeapSize                          = 264241152                                 {product} {ergonomic}
   size_t MarkStackSize                            = 4194304                                   {product} {ergonomic}
   size_t MaxHeapSize                              = 4196401152                                {product} {ergonomic}
   size_t MaxNewSize                               = 2516582400                                {product} {ergonomic}
   size_t MinHeapDeltaBytes                        = 2097152                                   {product} {ergonomic}
   size_t MinHeapSize                              = 8388608                                   {product} {ergonomic}
    uintx NonNMethodCodeHeapSize                   = 5839372                                {pd product} {ergonomic}
    uintx NonProfiledCodeHeapSize                  = 122909434                              {pd product} {ergonomic}
    uintx ProfiledCodeHeapSize                     = 122909434                              {pd product} {ergonomic}
    uintx ReservedCodeCacheSize                    = 251658240                              {pd product} {ergonomic}
     bool SegmentedCodeCache                       = true                                      {product} {ergonomic}
     bool ShowCodeDetailsInExceptionMessages       = true                                   {manageable} {command line}
   size_t SoftMaxHeapSize                          = 4196401152                             {manageable} {ergonomic}
     bool UseCompressedClassPointers               = true                           {product lp64_product} {ergonomic}
     bool UseCompressedOops                        = true                           {product lp64_product} {ergonomic}
     bool UseG1GC                                  = true                                      {product} {ergonomic}
     bool UseLargePagesIndividualAllocation        = false                                  {pd product} {ergonomic}

Logging:
Log output configuration:
 #0: stdout all=warning uptime,level,tags
 #1: stderr all=off uptime,level,tags

Environment Variables:
PATH=C:\Users\yoder\.p2\pool\plugins\org.eclipse.justj.openjdk.hotspot.jre.full.win32.x86_64_17.0.9.v20231028-0858\jre\bin;C:/Users/yoder/.p2/pool/plugins/org.eclipse.justj.openjdk.hotspot.jre.full.win32.x86_64_17.0.9.v20231028-0858/jre/bin/server;C:/Users/yoder/.p2/pool/plugins/org.eclipse.justj.openjdk.hotspot.jre.full.win32.x86_64_17.0.9.v20231028-0858/jre/bin;C:\Windows\system32;C:\Windows;C:\Windows\System32\Wbem;C:\Windows\System32\WindowsPowerShell\v1.0\;C:\Windows\System32\OpenSSH\;C:\Program Files\dotnet\;C:\Users\yoder\Git\cmd;C:\Users\yoder\AppData\Local\Microsoft\WindowsApps;;C:\Windows\system32;
USERNAME=yoder
OS=Windows_NT
PROCESSOR_IDENTIFIER=Intel64 Family 6 Model 154 Stepping 4, GenuineIntel
TMP=C:\Users\yoder\AppData\Local\Temp
TEMP=C:\Users\yoder\AppData\Local\Temp



Periodic native trim disabled


---------------  S Y S T E M  ---------------

OS:
 Windows 11 , 64 bit Build 22621 (10.0.22621.2506)
OS uptime: 0 days 0:46 hours
Hyper-V role detected

CPU: total 12 (initial active 12) (6 cores per cpu, 2 threads per core) family 6 model 154 stepping 4 microcode 0x429, cx8, cmov, fxsr, ht, mmx, 3dnowpref, sse, sse2, sse3, ssse3, sse4.1, sse4.2, popcnt, lzcnt, tsc, tscinvbit, avx, avx2, aes, erms, clmul, bmi1, bmi2, adx, sha, fma, vzeroupper, clflush, clflushopt, clwb, hv
Processor Information for processor 0
  Max Mhz: 1100, Current Mhz: 1100, Mhz Limit: 1100
Processor Information for processor 1
  Max Mhz: 1100, Current Mhz: 1100, Mhz Limit: 1100
Processor Information for processor 2
  Max Mhz: 1100, Current Mhz: 1100, Mhz Limit: 1100
Processor Information for processor 3
  Max Mhz: 1100, Current Mhz: 1100, Mhz Limit: 1100
Processor Information for processor 4
  Max Mhz: 1100, Current Mhz: 800, Mhz Limit: 792
Processor Information for processor 5
  Max Mhz: 1100, Current Mhz: 800, Mhz Limit: 792
Processor Information for processor 6
  Max Mhz: 1100, Current Mhz: 800, Mhz Limit: 792
Processor Information for processor 7
  Max Mhz: 1100, Current Mhz: 800, Mhz Limit: 792
Processor Information for processor 8
  Max Mhz: 1100, Current Mhz: 800, Mhz Limit: 792
Processor Information for processor 9
  Max Mhz: 1100, Current Mhz: 800, Mhz Limit: 792
Processor Information for processor 10
  Max Mhz: 1100, Current Mhz: 800, Mhz Limit: 792
Processor Information for processor 11
  Max Mhz: 1100, Current Mhz: 800, Mhz Limit: 792

Memory: 4k page, system-wide physical 16004M (1688M free)
TotalPageFile size 65156M (AvailPageFile size 124M)
current process WorkingSet (physical memory assigned to process): 30M, peak: 30M
current process commit charge ("private bytes"): 335M, peak: 335M

vm_info: OpenJDK 64-Bit Server VM (17.0.9+9) for windows-amd64 JRE (17.0.9+9), built on Oct 26 2023 14:01:42 by "admin" with MS VC++ 16.10 / 16.11 (VS2019)

END.
